projects/amazon-trend-analyzer/qb_chunks/page_065_skip065000.csv
ASIN Buyability Flag,asin_status,CVR%,revenue,asp,units,gv,Images #,Videos #,Has A+ Content,Buybox Winner,Average Rating,Number of Ratings,bb_price,Ad CTR%,Ad CVR%,bsr,brand,Ad CPC$,ASIN (Description),Update Type,Sold By Amazon,Has Coupon?,Has Store Link?,In Stock Today?,category,Sellable On Hand Units,asin,date,Ad Cost,Ad Sales,Ad Clicks,Ad Impressions,Ad Conversions
In Stock,ACTIVE,0.227,459.0,16.99,27.0,119.0,4.0,0.0,False,,4.7,1132.0,16.99,0.01132075471698113,0.0,56.0,Chi,0.71,B07JB291ZD (Chi Deep Moisture Shampoo For Dogs),[],True,True,False,False,Grooming,1117.0,B07JB291ZD,2025-07-05,2.13,0.0,3.0,265.0,0.0
In Stock,ACTIVE,0.172,340.0,16.99,20.0,116.0,4.0,0.0,False,,4.7,1132.0,16.99,0.01251489868891538,0.0,64.0,Chi,1.416666666666667,B07JB291ZD (Chi Deep Moisture Shampoo For Dogs),[],True,True,False,False,Grooming,1088.0,B07JB291ZD,2025-07-04,29.75,0.0,21.0,1678.0,0.0
In Stock,ACTIVE,0.299,493.0,16.99,29.0,97.0,4.0,0.0,False,,4.7,1129.0,16.99,0.01337792642140468,0.25,57.0,Chi,0.845,B07JB291ZD (Chi Deep Moisture Shampoo For Dogs),[],True,True,False,False,Grooming,1101.0,B07JB291ZD,2025-07-03,3.38,16.99,4.0,299.0,1.0
In Stock,ACTIVE,0.25,340.0,16.99,20.0,80.0,4.0,0.0,False,,4.7,1125.0,16.99,0.01052631578947368,0.25,54.0,Chi,1.2,B07JB291ZD (Chi Deep Moisture Shampoo For Dogs),[],True,True,False,False,Grooming,1049.0,B07JB291ZD,2025-07-02,4.8,16.99,4.0,380.0,1.0
In Stock,ACTIVE,0.129,306.0,16.99,18.0,139.0,4.0,0.0,False,,4.7,1123.0,16.99,,,49.0,Chi,,B07JB291ZD (Chi Deep Moisture Shampoo For Dogs),[],True,True,False,False,Grooming,1064.0,B07JB291ZD,2025-07-01,,,,,
In Stock,ACTIVE,0.295,391.0,16.99,23.0,78.0,4.0,0.0,False,,4.7,1122.0,16.99,,,54.0,Chi,,B07JB291ZD (Chi Deep Moisture Shampoo For Dogs),[],True,True,False,False,Grooming,1051.0,B07JB291ZD,2025-06-30,,,,,
In Stock,ACTIVE,0.358,748.0,16.99,44.0,123.0,4.0,0.0,False,,4.7,1122.0,16.99,,,54.0,Chi,,B07JB291ZD (Chi Deep Moisture Shampoo For Dogs),[],True,True,False,False,Grooming,1078.0,B07JB291ZD,2025-06-29,,,,,
In Stock,ACTIVE,0.256,510.0,16.99,30.0,117.0,4.0,0.0,False,,4.7,1122.0,16.99,,,51.0,Chi,,B07JB291ZD (Chi Deep Moisture Shampoo For Dogs),[],True,True,False,False,Grooming,1116.0,B07JB291ZD,2025-06-28,,,,,
In Stock,ACTIVE,0.329,425.0,16.99,25.0,76.0,4.0,0.0,False,,4.7,1119.0,16.99,,,56.0,Chi,,B07JB291ZD (Chi Deep Moisture Shampoo For Dogs),[],True,True,False,False,Grooming,1104.0,B07JB291ZD,2025-06-27,,,,,
In Stock,ACTIVE,0.286,476.0,16.99,28.0,98.0,4.0,0.0,False,,4.7,1117.0,16.99,,,58.0,Chi,,B07JB291ZD (Chi Deep Moisture Shampoo For Dogs),[],True,True,False,False,Grooming,1097.0,B07JB291ZD,2025-06-26,,,,,
In Stock,ACTIVE,0.25,425.0,16.99,25.0,100.0,4.0,0.0,False,,4.7,1115.0,16.99,,,57.0,Chi,,B07JB291ZD (Chi Deep Moisture Shampoo For Dogs),[],True,True,False,False,Grooming,1165.0,B07JB291ZD,2025-06-25,,,,,
In Stock,ACTIVE,0.296,629.0,16.99,37.0,125.0,4.0,0.0,False,,4.7,1112.0,16.99,,,53.0,Chi,,B07JB291ZD (Chi Deep Moisture Shampoo For Dogs),[],True,True,False,False,Grooming,1053.0,B07JB291ZD,2025-06-24,,,,,
In Stock,ACTIVE,0.233,408.0,16.99,24.0,103.0,4.0,3.0,False,,4.7,1112.0,16.99,,,53.0,Chi,,B07JB291ZD (Chi Deep Moisture Shampoo For Dogs),[],True,True,False,False,Grooming,1053.0,B07JB291ZD,2025-06-23,,,,,
In Stock,ACTIVE,0.194,442.0,16.99,26.0,134.0,4.0,3.0,False,,4.7,1110.0,16.99,,,51.0,Chi,,B07JB291ZD (Chi Deep Moisture Shampoo For Dogs),[],True,True,False,False,Grooming,987.0,B07JB291ZD,2025-06-22,,,,,
In Stock,ACTIVE,0.248,419.0,14.95,28.0,113.0,4.0,3.0,False,,4.7,1107.0,14.39,,,55.0,Chi,,B07JB291ZD (Chi Deep Moisture Shampoo For Dogs),[],True,True,False,False,Grooming,943.0,B07JB291ZD,2025-06-21,,,,,
In Stock,ACTIVE,0.358,502.0,14.77,34.0,95.0,4.0,3.0,False,,4.7,1106.0,16.99,,,51.0,Chi,,B07JB291ZD (Chi Deep Moisture Shampoo For Dogs),[],True,True,False,False,Grooming,967.0,B07JB291ZD,2025-06-20,,,,,
In Stock,ACTIVE,0.263,527.0,16.99,31.0,118.0,4.0,3.0,False,,4.7,1104.0,16.99,,,56.0,Chi,,B07JB291ZD (Chi Deep Moisture Shampoo For Dogs),[],True,True,False,False,Grooming,1016.0,B07JB291ZD,2025-06-19,,,,,
In Stock,ACTIVE,0.311,544.0,16.99,32.0,103.0,4.0,3.0,False,,4.7,1101.0,16.99,,,60.0,Chi,,B07JB291ZD (Chi Deep Moisture Shampoo For Dogs),[],True,True,False,False,Grooming,937.0,B07JB291ZD,2025-06-18,,,,,
In Stock,ACTIVE,0.43,629.0,16.99,37.0,86.0,4.0,3.0,False,,4.7,1100.0,16.99,,,64.0,Chi,,B07JB291ZD (Chi Deep Moisture Shampoo For Dogs),[],True,True,False,False,Grooming,870.0,B07JB291ZD,2025-06-17,,,,,
In Stock,ACTIVE,0.317,561.0,16.99,33.0,104.0,4.0,3.0,False,,4.7,1102.0,16.99,,,64.0,Chi,,B07JB291ZD (Chi Deep Moisture Shampoo For Dogs),[],True,True,False,False,Grooming,900.0,B07JB291ZD,2025-06-16,,,,,
In Stock,ACTIVE,0.202,306.0,16.99,18.0,89.0,4.0,3.0,False,,4.7,905.0,16.99,,,88.0,Chi,,B07JB291ZD (Chi Deep Moisture Shampoo For Dogs),[],True,True,False,False,Grooming,899.0,B07JB291ZD,2025-06-15,,,,,
In Stock,ACTIVE,0.2,289.0,16.99,17.0,85.0,4.0,3.0,False,,4.7,899.0,16.99,,,83.0,Chi,,B07JB291ZD (Chi Deep Moisture Shampoo For Dogs),[],True,True,False,False,Grooming,896.0,B07JB291ZD,2025-06-14,,,,,
In Stock,ACTIVE,0.382,442.0,16.99,26.0,68.0,4.0,3.0,False,,4.7,1092.0,16.99,,,62.0,Chi,,B07JB291ZD (Chi Deep Moisture Shampoo For Dogs),[],True,True,False,False,Grooming,932.0,B07JB291ZD,2025-06-13,,,,,
In Stock,ACTIVE,0.3,357.0,16.99,21.0,70.0,4.0,3.0,False,,4.7,1092.0,16.99,,,61.0,Chi,,B07JB291ZD (Chi Deep Moisture Shampoo For Dogs),[],True,True,False,False,Grooming,893.0,B07JB291ZD,2025-06-12,,,,,
In Stock,ACTIVE,0.458,561.0,16.99,33.0,72.0,4.0,3.0,False,,4.7,1091.0,16.99,,,59.0,Chi,,B07JB291ZD (Chi Deep Moisture Shampoo For Dogs),[],True,True,False,False,Grooming,1031.0,B07JB291ZD,2025-06-11,,,,,
In Stock,ACTIVE,0.294,340.0,16.99,20.0,68.0,4.0,3.0,False,,4.7,1091.0,16.99,,,56.0,Chi,,B07JB291ZD (Chi Deep Moisture Shampoo For Dogs),[],True,True,False,False,Grooming,890.0,B07JB291ZD,2025-06-10,,,,,
In Stock,ACTIVE,0.215,289.0,16.99,17.0,79.0,4.0,3.0,False,,4.7,1090.0,16.99,,,57.0,Chi,,B07JB291ZD (Chi Deep Moisture Shampoo For Dogs),[],True,True,False,False,Grooming,903.0,B07JB291ZD,2025-06-09,,,,,
In Stock,ACTIVE,0.217,391.0,16.99,23.0,106.0,4.0,3.0,False,,4.7,1089.0,16.99,,,57.0,Chi,,B07JB291ZD (Chi Deep Moisture Shampoo For Dogs),[],True,True,False,False,Grooming,915.0,B07JB291ZD,2025-06-08,,,,,
In Stock,ACTIVE,0.379,612.0,16.99,36.0,95.0,4.0,3.0,False,,4.7,1089.0,16.99,,,54.0,Chi,,B07JB291ZD (Chi Deep Moisture Shampoo For Dogs),[],True,True,False,False,Grooming,935.0,B07JB291ZD,2025-06-07,,,,,
In Stock,ACTIVE,0.333,476.0,16.99,28.0,84.0,4.0,3.0,False,,4.7,1089.0,16.99,,,56.0,Chi,,B07JB291ZD (Chi Deep Moisture Shampoo For Dogs),[],True,True,False,False,Grooming,963.0,B07JB291ZD,2025-06-06,,,,,
In Stock,ACTIVE,0.321,459.0,16.99,27.0,84.0,4.0,3.0,False,,4.7,1089.0,16.99,,,54.0,Chi,,B07JB291ZD (Chi Deep Moisture Shampoo For Dogs),[],True,True,False,False,Grooming,958.0,B07JB291ZD,2025-06-05,,,,,
In Stock,ACTIVE,0.257,476.0,16.99,28.0,109.0,4.0,3.0,False,,4.7,902.0,16.99,,,69.0,Chi,,B07JB291ZD (Chi Deep Moisture Shampoo For Dogs),[],True,True,False,False,Grooming,944.0,B07JB291ZD,2025-06-04,,,,,
In Stock,ACTIVE,0.245,391.0,16.99,23.0,94.0,4.0,3.0,False,,4.7,902.0,16.99,,,69.0,Chi,,B07JB291ZD (Chi Deep Moisture Shampoo For Dogs),[],True,True,False,False,Grooming,953.0,B07JB291ZD,2025-06-03,,,,,
In Stock,ACTIVE,0.235,391.0,16.99,23.0,98.0,4.0,3.0,False,,4.7,901.0,16.99,,,71.0,Chi,,B07JB291ZD (Chi Deep Moisture Shampoo For Dogs),[],True,True,False,False,Grooming,919.0,B07JB291ZD,2025-06-02,,,,,
In Stock,ACTIVE,0.303,510.0,16.99,30.0,99.0,4.0,3.0,False,,4.7,899.0,16.99,,,80.0,Chi,,B07JB291ZD (Chi Deep Moisture Shampoo For Dogs),[],True,True,False,False,Grooming,984.0,B07JB291ZD,2025-06-01,,,,,
In Stock,ACTIVE,0.281,459.0,16.99,27.0,96.0,4.0,3.0,False,,4.7,899.0,16.99,,,75.0,Chi,,B07JB291ZD (Chi Deep Moisture Shampoo For Dogs),[],True,True,False,False,Grooming,1070.0,B07JB291ZD,2025-05-31,,,,,
In Stock,ACTIVE,0.261,391.0,16.99,23.0,88.0,4.0,3.0,False,,4.7,899.0,16.99,,,78.0,Chi,,B07JB291ZD (Chi Deep Moisture Shampoo For Dogs),[],True,True,False,False,Grooming,938.0,B07JB291ZD,2025-05-30,,,,,
In Stock,ACTIVE,0.205,306.0,16.99,18.0,88.0,4.0,3.0,False,,4.7,896.0,16.99,,,75.0,Chi,,B07JB291ZD (Chi Deep Moisture Shampoo For Dogs),[],True,True,False,False,Grooming,899.0,B07JB291ZD,2025-05-29,,,,,
In Stock,ACTIVE,0.286,408.0,16.99,24.0,84.0,4.0,3.0,False,,4.7,896.0,16.99,,,74.0,Chi,,B07JB291ZD (Chi Deep Moisture Shampoo For Dogs),[],True,True,False,False,Grooming,917.0,B07JB291ZD,2025-05-28,,,,,
In Stock,ACTIVE,0.4,408.0,16.99,24.0,60.0,4.0,3.0,False,,4.7,896.0,16.99,,,74.0,Chi,,B07JB291ZD (Chi Deep Moisture Shampoo For Dogs),[],True,True,False,False,Grooming,945.0,B07JB291ZD,2025-05-27,,,,,
In Stock,ACTIVE,0.253,357.0,16.99,21.0,83.0,4.0,3.0,False,,4.7,894.0,16.99,,,82.0,Chi,,B07JB291ZD (Chi Deep Moisture Shampoo For Dogs),[],True,True,False,False,Grooming,962.0,B07JB291ZD,2025-05-26,,,,,
In Stock,ACTIVE,0.305,425.0,16.99,25.0,82.0,4.0,3.0,False,,4.7,894.0,16.99,,,88.0,Chi,,B07JB291ZD (Chi Deep Moisture Shampoo For Dogs),[],True,True,False,False,Grooming,965.0,B07JB291ZD,2025-05-25,,,,,
In Stock,ACTIVE,0.275,323.0,16.99,19.0,69.0,4.0,3.0,False,,4.7,893.0,16.99,,,81.0,Chi,,B07JB291ZD (Chi Deep Moisture Shampoo For Dogs),[],True,True,False,False,Grooming,974.0,B07JB291ZD,2025-05-24,,,,,
In Stock,ACTIVE,0.224,221.0,16.99,13.0,58.0,4.0,3.0,False,,4.7,892.0,16.99,,,81.0,Chi,,B07JB291ZD (Chi Deep Moisture Shampoo For Dogs),[],True,True,False,False,Grooming,979.0,B07JB291ZD,2025-05-23,,,,,
In Stock,ACTIVE,0.328,374.0,16.99,22.0,67.0,4.0,3.0,False,,4.7,892.0,16.99,,,79.0,Chi,,B07JB291ZD (Chi Deep Moisture Shampoo For Dogs),[],True,True,False,False,Grooming,1002.0,B07JB291ZD,2025-05-22,,,,,
In Stock,ACTIVE,0.397,459.0,16.99,27.0,68.0,4.0,3.0,False,,4.7,891.0,16.99,,,78.0,Chi,,B07JB291ZD (Chi Deep Moisture Shampoo For Dogs),[],True,True,False,False,Grooming,964.0,B07JB291ZD,2025-05-21,,,,,
In Stock,ACTIVE,0.269,306.0,16.99,18.0,67.0,4.0,3.0,False,,4.7,883.0,16.99,,,72.0,Chi,,B07JB291ZD (Chi Deep Moisture Shampoo For Dogs),[],True,True,False,False,Grooming,984.0,B07JB291ZD,2025-05-20,,,,,
In Stock,ACTIVE,0.192,238.0,16.99,14.0,73.0,4.0,3.0,False,,4.7,1072.0,16.99,,,65.0,Chi,,B07JB291ZD (Chi Deep Moisture Shampoo For Dogs),[],True,True,False,False,Grooming,975.0,B07JB291ZD,2025-05-19,,,,,
In Stock,ACTIVE,0.31,595.0,16.99,35.0,113.0,4.0,3.0,False,,4.7,1071.0,16.99,,,69.0,Chi,,B07JB291ZD (Chi Deep Moisture Shampoo For Dogs),[],True,True,False,False,Grooming,961.0,B07JB291ZD,2025-05-18,,,,,
In Stock,ACTIVE,0.235,391.0,16.99,23.0,98.0,4.0,3.0,False,,4.7,1072.0,16.99,,,64.0,Chi,,B07JB291ZD (Chi Deep Moisture Shampoo For Dogs),[],True,True,False,False,Grooming,997.0,B07JB291ZD,2025-05-17,,,,,
In Stock,ACTIVE,0.148,221.0,16.99,13.0,88.0,4.0,3.0,False,,4.7,1068.0,16.99,,,64.0,Chi,,B07JB291ZD (Chi Deep Moisture Shampoo For Dogs),[],True,True,False,False,Grooming,987.0,B07JB291ZD,2025-05-16,,,,,
In Stock,ACTIVE,0.26,340.0,16.99,20.0,77.0,4.0,3.0,False,,4.7,1067.0,16.99,,,59.0,Chi,,B07JB291ZD (Chi Deep Moisture Shampoo For Dogs),[],True,True,False,False,Grooming,1016.0,B07JB291ZD,2025-05-15,,,,,
In Stock,ACTIVE,0.144,289.0,16.99,17.0,118.0,4.0,3.0,False,,4.7,1067.0,16.99,,,55.0,Chi,,B07JB291ZD (Chi Deep Moisture Shampoo For Dogs),[],True,True,False,False,Grooming,1036.0,B07JB291ZD,2025-05-14,,,,,
In Stock,ACTIVE,0.245,391.0,16.99,23.0,94.0,4.0,3.0,False,,4.7,1067.0,16.99,,,50.0,Chi,,B07JB291ZD (Chi Deep Moisture Shampoo For Dogs),[],True,True,False,False,Grooming,1049.0,B07JB291ZD,2025-05-13,,,,,
In Stock,ACTIVE,0.355,561.0,16.99,33.0,93.0,4.0,3.0,False,,4.7,1066.0,16.99,,,60.0,Chi,,B07JB291ZD (Chi Deep Moisture Shampoo For Dogs),[],True,True,False,False,Grooming,981.0,B07JB291ZD,2025-05-12,,,,,
In Stock,ACTIVE,0.289,374.0,16.99,22.0,76.0,4.0,3.0,False,,4.7,1065.0,16.99,,,56.0,Chi,,B07JB291ZD (Chi Deep Moisture Shampoo For Dogs),[],True,True,False,False,Grooming,933.0,B07JB291ZD,2025-05-11,,,,,
In Stock,ACTIVE,0.291,391.0,16.99,23.0,79.0,4.0,3.0,False,,4.7,1065.0,16.99,,,59.0,Chi,,B07JB291ZD (Chi Deep Moisture Shampoo For Dogs),[],True,True,False,False,Grooming,914.0,B07JB291ZD,2025-05-10,,,,,
In Stock,ACTIVE,0.264,323.0,16.99,19.0,72.0,4.0,3.0,False,,4.7,1064.0,16.99,,,60.0,Chi,,B07JB291ZD (Chi Deep Moisture Shampoo For Dogs),[],True,True,False,False,Grooming,863.0,B07JB291ZD,2025-05-09,,,,,
In Stock,ACTIVE,0.149,221.0,16.99,13.0,87.0,4.0,3.0,False,,4.7,1062.0,16.99,,,63.0,Chi,,B07JB291ZD (Chi Deep Moisture Shampoo For Dogs),[],True,True,False,False,Grooming,817.0,B07JB291ZD,2025-05-08,,,,,
In Stock,ACTIVE,,,,,,7.0,0.0,True,,4.7,230.0,13.99,,,35.0,Chi,,B07JB295PK (Chi Oatmeal Shampoo For Dogs),[],True,False,True,False,Grooming,,B07JB295PK,2026-05-15,,,,,
In Stock,ACTIVE,,252.0,13.99,18.0,,7.0,0.0,True,,4.7,230.0,13.99,,,36.0,Chi,,B07JB295PK (Chi Oatmeal Shampoo For Dogs),[],True,False,True,False,Grooming,,B07JB295PK,2026-05-14,,,,,
In Stock,ACTIVE,,294.0,13.99,21.0,,7.0,0.0,True,,4.7,228.0,13.99,,,37.0,Chi,,B07JB295PK (Chi Oatmeal Shampoo For Dogs),[],True,False,True,False,Grooming,,B07JB295PK,2026-05-13,,,,,
In Stock,ACTIVE,,266.0,13.99,19.0,,7.0,0.0,True,,4.7,227.0,13.99,,,39.0,Chi,,B07JB295PK (Chi Oatmeal Shampoo For Dogs),[],True,False,True,False,Grooming,,B07JB295PK,2026-05-12,,,,,
In Stock,ACTIVE,0.365,374.0,13.86,27.0,74.0,7.0,0.0,True,,4.7,227.0,13.99,,,39.0,Chi,,B07JB295PK (Chi Oatmeal Shampoo For Dogs),[],True,False,True,False,Grooming,1072.0,B07JB295PK,2026-05-11,,,,,
In Stock,ACTIVE,0.439,350.0,13.99,25.0,57.0,7.0,0.0,True,,4.7,227.0,13.99,,,40.0,Chi,,B07JB295PK (Chi Oatmeal Shampoo For Dogs),[],True,False,True,False,Grooming,1009.0,B07JB295PK,2026-05-10,,,,,
In Stock,ACTIVE,0.4,364.0,13.99,26.0,65.0,7.0,0.0,True,,4.7,227.0,13.99,,,43.0,Chi,,B07JB295PK (Chi Oatmeal Shampoo For Dogs),[],True,False,True,False,Grooming,1039.0,B07JB295PK,2026-05-09,,,,,
In Stock,ACTIVE,0.491,364.0,13.99,26.0,53.0,7.0,0.0,False,,4.7,227.0,13.99,,,38.0,Chi,,B07JB295PK (Chi Oatmeal Shampoo For Dogs),[],True,False,True,False,Grooming,1025.0,B07JB295PK,2026-05-08,,,,,
In Stock,ACTIVE,0.333,276.0,13.82,20.0,60.0,7.0,0.0,False,,4.7,227.0,13.99,,,38.0,Chi,,B07JB295PK (Chi Oatmeal Shampoo For Dogs),[],True,False,True,False,Grooming,1100.0,B07JB295PK,2026-05-07,,,,,
In Stock,ACTIVE,0.344,294.0,13.99,21.0,61.0,7.0,0.0,False,,4.7,227.0,13.99,,,39.0,Chi,,B07JB295PK (Chi Oatmeal Shampoo For Dogs),[],True,False,True,False,Grooming,1166.0,B07JB295PK,2026-05-06,,,,,
In Stock,ACTIVE,0.362,350.0,13.99,25.0,69.0,7.0,0.0,False,,4.7,226.0,13.99,,,36.0,Chi,,B07JB295PK (Chi Oatmeal Shampoo For Dogs),[],True,False,True,False,Grooming,1014.0,B07JB295PK,2026-05-05,,,,,
In Stock,ACTIVE,0.278,276.0,13.82,20.0,72.0,7.0,0.0,False,,4.7,226.0,13.99,,,38.0,Chi,,B07JB295PK (Chi Oatmeal Shampoo For Dogs),[],True,False,True,False,Grooming,1015.0,B07JB295PK,2026-05-04,,,,,
In Stock,ACTIVE,0.365,434.0,13.99,31.0,85.0,7.0,0.0,False,,4.7,226.0,13.99,,,39.0,Chi,,B07JB295PK (Chi Oatmeal Shampoo For Dogs),[],True,False,True,False,Grooming,1139.0,B07JB295PK,2026-05-03,,,,,
In Stock,ACTIVE,0.286,280.0,13.99,20.0,70.0,7.0,0.0,False,,4.7,227.0,13.99,,,37.0,Chi,,B07JB295PK (Chi Oatmeal Shampoo For Dogs),[],True,False,True,False,Grooming,997.0,B07JB295PK,2026-05-02,,,,,
In Stock,ACTIVE,0.37,280.0,13.99,20.0,54.0,7.0,0.0,False,,4.7,226.0,13.99,,,38.0,Chi,,B07JB295PK (Chi Oatmeal Shampoo For Dogs),[],True,False,True,False,Grooming,931.0,B07JB295PK,2026-05-01,,,,,
In Stock,ACTIVE,0.295,322.0,13.99,23.0,78.0,7.0,0.0,False,,4.7,225.0,13.99,,,35.0,Chi,,B07JB295PK (Chi Oatmeal Shampoo For Dogs),[],True,False,True,False,Grooming,945.0,B07JB295PK,2026-04-30,,,,,
In Stock,ACTIVE,0.263,280.0,13.99,20.0,76.0,7.0,0.0,False,,4.7,225.0,13.99,,,35.0,Chi,,B07JB295PK (Chi Oatmeal Shampoo For Dogs),[],True,False,True,False,Grooming,945.0,B07JB295PK,2026-04-29,,,,,
In Stock,ACTIVE,0.409,378.0,13.99,27.0,66.0,7.0,0.0,False,,4.7,224.0,13.99,,,37.0,Chi,,B07JB295PK (Chi Oatmeal Shampoo For Dogs),[],True,False,True,False,Grooming,965.0,B07JB295PK,2026-04-28,,,,,
In Stock,ACTIVE,0.361,364.0,13.99,26.0,72.0,7.0,0.0,False,,4.7,224.0,13.99,,,37.0,Chi,,B07JB295PK (Chi Oatmeal Shampoo For Dogs),[],True,False,True,False,Grooming,992.0,B07JB295PK,2026-04-27,,,,,
In Stock,ACTIVE,0.363,518.0,13.99,37.0,102.0,7.0,0.0,False,,4.7,224.0,13.99,,,36.0,Chi,,B07JB295PK (Chi Oatmeal Shampoo For Dogs),[],True,False,True,False,Grooming,1000.0,B07JB295PK,2026-04-26,,,,,
In Stock,ACTIVE,0.446,406.0,13.99,29.0,65.0,7.0,0.0,False,,4.7,222.0,13.99,,,39.0,Chi,,B07JB295PK (Chi Oatmeal Shampoo For Dogs),[],True,False,True,False,Grooming,1035.0,B07JB295PK,2026-04-25,,,,,
In Stock,ACTIVE,0.418,392.0,13.99,28.0,67.0,7.0,0.0,False,,4.7,220.0,13.99,,,37.0,Chi,,B07JB295PK (Chi Oatmeal Shampoo For Dogs),[],True,False,True,False,Grooming,1027.0,B07JB295PK,2026-04-24,,,,,
In Stock,ACTIVE,0.284,266.0,13.99,19.0,67.0,7.0,0.0,False,,4.7,220.0,13.99,,,37.0,Chi,,B07JB295PK (Chi Oatmeal Shampoo For Dogs),[],True,False,True,False,Grooming,1000.0,B07JB295PK,2026-04-23,,,,,
In Stock,ACTIVE,0.362,406.0,13.99,29.0,80.0,7.0,0.0,False,,4.7,213.0,13.99,,,36.0,Chi,,B07JB295PK (Chi Oatmeal Shampoo For Dogs),[],True,False,True,False,Grooming,937.0,B07JB295PK,2026-04-22,,,,,
In Stock,ACTIVE,0.291,322.0,13.99,23.0,79.0,7.0,0.0,False,,4.6,212.0,13.99,,,36.0,Chi,,B07JB295PK (Chi Oatmeal Shampoo For Dogs),[],True,False,True,False,Grooming,935.0,B07JB295PK,2026-04-21,,,,,
In Stock,ACTIVE,0.288,266.0,13.99,19.0,66.0,7.0,0.0,False,,4.6,212.0,13.99,,,33.0,Chi,,B07JB295PK (Chi Oatmeal Shampoo For Dogs),[],True,False,True,False,Grooming,974.0,B07JB295PK,2026-04-20,,,,,
In Stock,ACTIVE,0.268,308.0,13.99,22.0,82.0,7.0,0.0,False,,4.6,212.0,13.99,,,34.0,Chi,,B07JB295PK (Chi Oatmeal Shampoo For Dogs),[],True,False,True,False,Grooming,948.0,B07JB295PK,2026-04-19,,,,,
